../Core/Src/main.c:90:5:main	40	static
../Core/Src/main.c:151:6:SystemClock_Config	88	static
../Core/Src/main.c:198:13:MX_ADC1_Init	48	static
../Core/Src/main.c:267:13:MX_CAN_Init	8	static
../Core/Src/main.c:304:13:MX_TIM2_Init	64	static
../Core/Src/main.c:368:13:MX_TIM3_Init	32	static
../Core/Src/main.c:413:13:MX_TIM4_Init	48	static
../Core/Src/main.c:461:13:MX_USART1_UART_Init	8	static
../Core/Src/main.c:492:13:MX_DMA_Init	16	static
../Core/Src/main.c:510:13:MX_GPIO_Init	16	static
../Core/Src/main.c:524:6:Update_Duty_Cycle	16	static
../Core/Src/main.c:531:10:GetTickUs	4	static
../Core/Src/main.c:536:6:HAL_ADC_ConvCpltCallback	24	static
../Core/Src/main.c:553:6:Error_Handler	4	static,ignoring_inline_asm
