../Core/Src/main.c:86:5:main	48	static
../Core/Src/main.c:147:6:SystemClock_Config	88	static
../Core/Src/main.c:194:13:MX_ADC1_Init	24	static
../Core/Src/main.c:241:13:MX_CAN_Init	8	static
../Core/Src/main.c:278:13:MX_TIM2_Init	64	static
../Core/Src/main.c:342:13:MX_TIM3_Init	32	static
../Core/Src/main.c:387:13:MX_TIM4_Init	48	static
../Core/Src/main.c:433:13:MX_DMA_Init	16	static
../Core/Src/main.c:451:13:MX_GPIO_Init	16	static
../Core/Src/main.c:465:6:Update_Duty_Cycle	16	static
../Core/Src/main.c:472:6:HAL_ADC_ConvCpltCallback	24	static
../Core/Src/main.c:490:6:Error_Handler	4	static,ignoring_inline_asm
